Administrator@JAVA MINGW64 ~
$ -version
bash: -version: command not found

Administrator@JAVA MINGW64 ~
$ pwd
/c/Users/Administrator

Administrator@JAVA MINGW64 ~
$ cd C:/Users/Administrator/Desktop/Git

Administrator@JAVA MINGW64 ~/Desktop/Git
$ git config --global user.name "nhanu sawant"

Administrator@JAVA MINGW64 ~/Desktop/Git
$ git config --global user.email "nhanu_sawant@persistent.co.in"

Administrator@JAVA MINGW64 ~/Desktop/Git
$ git config --list
core.symlinks=false
core.autocrlf=true
core.fscache=true
color.diff=auto
color.status=auto
color.branch=auto
color.interactive=true
help.format=html
http.sslcainfo=C:/Program Files/Git/mingw64/ssl/certs/ca-bundle.crt
diff.astextplain.textconv=astextplain
rebase.autosquash=true
user.name=nhanu sawant
user.email=nhanu_sawant@persistent.co.in

Administrator@JAVA MINGW64 ~/Desktop/Git
$ git init
Initialized empty Git repository in C:/Users/Administrator/Desktop/Git/.git/

Administrator@JAVA MINGW64 ~/Desktop/Git (master)
$ git status
On branch master

Initial commit

Untracked files:
  (use "git add <file>..." to include in what will be committed)

        File1.txt

nothing added to commit but untracked files present (use "git add" to track)

Administrator@JAVA MINGW64 ~/Desktop/Git (master)
$ git add File1.txt

Administrator@JAVA MINGW64 ~/Desktop/Git (master)
$ git status
On branch master

Initial commit

Changes to be committed:
  (use "git rm --cached <file>..." to unstage)

        new file:   File1.txt


Administrator@JAVA MINGW64 ~/Desktop/Git (master)
$ git commit -m "version 1 mesg"
[master (root-commit) a1d60b3] version 1 mesg
 1 file changed, 1 insertion(+)
 create mode 100644 File1.txt

Administrator@JAVA MINGW64 ~/Desktop/Git (master)
$ git status
On branch master
nothing to commit, working tree clean

Administrator@JAVA MINGW64 ~/Desktop/Git (master)
$ git status
On branch master
Untracked files:
  (use "git add <file>..." to include in what will be committed)

        .gitignored
        File2.txt
        File3.java
        File4.class
        File5.jar

nothing added to commit but untracked files present (use "git add" to track)

Administrator@JAVA MINGW64 ~/Desktop/Git (master)
$ git status
On branch master
Untracked files:
  (use "git add <file>..." to include in what will be committed)

        .gitignored
        File2.txt
        File3.java
        File4.class
        File5.jar

nothing added to commit but untracked files present (use "git add" to track)

Administrator@JAVA MINGW64 ~/Desktop/Git (master)
$ git status
On branch master
Untracked files:
  (use "git add <file>..." to include in what will be committed)

        .gitignore
        .gitignored
        File2.txt
        File3.java

nothing added to commit but untracked files present (use "git add" to track)

Administrator@JAVA MINGW64 ~/Desktop/Git (master)
$ git add .

Administrator@JAVA MINGW64 ~/Desktop/Git (master)
$ git status
On branch master
Changes to be committed:
  (use "git reset HEAD <file>..." to unstage)

        new file:   .gitignore
        new file:   File2.txt
        new file:   File3.java


Administrator@JAVA MINGW64 ~/Desktop/Git (master)
$ git commit -m ".gitignore, File2.txt File3.txt mesg"
[master a1bdde6] .gitignore, File2.txt File3.txt mesg
 3 files changed, 5 insertions(+)
 create mode 100644 .gitignore
 create mode 100644 File2.txt
 create mode 100644 File3.java

Administrator@JAVA MINGW64 ~/Desktop/Git (master)
$ git status
On branch master
nothing to commit, working tree clean

Administrator@JAVA MINGW64 ~/Desktop/Git (master)
$ git status
On branch master
Changes not staged for commit:
  (use "git add <file>..." to update what will be committed)
  (use "git checkout -- <file>..." to discard changes in working directory)

        modified:   File1.txt

no changes added to commit (use "git add" and/or "git commit -a")

Administrator@JAVA MINGW64 ~/Desktop/Git (master)
$ git commit -am "File1 changes"
[master 882f84e] File1 changes
 1 file changed, 4 insertions(+), 1 deletion(-)

Administrator@JAVA MINGW64 ~/Desktop/Git (master)
$ git status
On branch master
nothing to commit, working tree clean

Administrator@JAVA MINGW64 ~/Desktop/Git (master)
$ git log
commit 882f84eef382cc309c3ad11030b0b74e426a0294
Author: nhanu sawant <nhanu_sawant@persistent.co.in>
Date:   Mon Oct 10 16:14:25 2016 +0530

    File1 changes

commit a1bdde6d294bfa8710218a6d5cd48f4c110af24d
Author: nhanu sawant <nhanu_sawant@persistent.co.in>
Date:   Mon Oct 10 16:12:03 2016 +0530

    .gitignore, File2.txt File3.txt mesg

commit a1d60b3ad7130b24f3134edef30de94aa3cde02e
Author: nhanu sawant <nhanu_sawant@persistent.co.in>
Date:   Mon Oct 10 15:57:26 2016 +0530

    version 1 mesg

Administrator@JAVA MINGW64 ~/Desktop/Git (master)
$ git log ----oneline
fatal: unrecognized argument: ----oneline

Administrator@JAVA MINGW64 ~/Desktop/Git (master)
$ git log --oneline
882f84e File1 changes
a1bdde6 .gitignore, File2.txt File3.txt mesg
a1d60b3 version 1 mesg

Administrator@JAVA MINGW64 ~/Desktop/Git (master)
$ git log --author="nhanu"
commit 882f84eef382cc309c3ad11030b0b74e426a0294
Author: nhanu sawant <nhanu_sawant@persistent.co.in>
Date:   Mon Oct 10 16:14:25 2016 +0530

    File1 changes

commit a1bdde6d294bfa8710218a6d5cd48f4c110af24d
Author: nhanu sawant <nhanu_sawant@persistent.co.in>
Date:   Mon Oct 10 16:12:03 2016 +0530

    .gitignore, File2.txt File3.txt mesg

commit a1d60b3ad7130b24f3134edef30de94aa3cde02e
Author: nhanu sawant <nhanu_sawant@persistent.co.in>
Date:   Mon Oct 10 15:57:26 2016 +0530

    version 1 mesg

Administrator@JAVA MINGW64 ~/Desktop/Git (master)
$ git log --grep="File changes"

Administrator@JAVA MINGW64 ~/Desktop/Git (master)
$ git log --grep="File1 changes"
commit 882f84eef382cc309c3ad11030b0b74e426a0294
Author: nhanu sawant <nhanu_sawant@persistent.co.in>
Date:   Mon Oct 10 16:14:25 2016 +0530

    File1 changes

Administrator@JAVA MINGW64 ~/Desktop/Git (master)
$ git log file1
fatal: ambiguous argument 'file1': unknown revision or path not in the working tree.
Use '--' to separate paths from revisions, like this:
'git <command> [<revision>...] -- [<file>...]'

Administrator@JAVA MINGW64 ~/Desktop/Git (master)
$ git log File1
fatal: ambiguous argument 'File1': unknown revision or path not in the working tree.
Use '--' to separate paths from revisions, like this:
'git <command> [<revision>...] -- [<file>...]'

Administrator@JAVA MINGW64 ~/Desktop/Git (master)
$ git log File1.txt
commit 882f84eef382cc309c3ad11030b0b74e426a0294
Author: nhanu sawant <nhanu_sawant@persistent.co.in>
Date:   Mon Oct 10 16:14:25 2016 +0530

    File1 changes

commit a1d60b3ad7130b24f3134edef30de94aa3cde02e
Author: nhanu sawant <nhanu_sawant@persistent.co.in>
Date:   Mon Oct 10 15:57:26 2016 +0530

    version 1 mesg

Administrator@JAVA MINGW64 ~/Desktop/Git (master)
$
